============================= test session starts =============================
python : Windows fatal 
exception: code 0xc0000139
At line:1 char:1
+ python -m pytest tests/ 
-v --tb=long --no-header 
-p no:warnings > pyt ...
+ ~~~~~~~~~~~~~~~~~~~~~~~~
~~~~~~~~~~~~~~~~~~~~~~~~~~
~~~~~~~~~~~~~~~~~~~
    + CategoryInfo        
      : NotSpecified: (W  
  indows fatal exceptio   
 n: code 0xc0000139:St    
ring) [], RemoteExcep    
tion
    + FullyQualifiedError 
   Id : NativeCommandErr  
  or
 

Current thread 0x00003fa8 
(most recent call first):
  File "C:\Users\Rahul Red
dy\AppData\Local\Programs\
Python\Python310\lib\ctype
s\__init__.py", line 374 
in __init__
  File "C:\Users\Rahul Red
dy\AppData\Local\Programs\
Python\Python310\lib\site-
packages\torch\_ops.py", 
line 852 in load_library
  File "C:\Users\Rahul Red
dy\AppData\Local\Programs\
Python\Python310\lib\site-
packages\torch_scatter\__i
nit__.py", line 16 in 
<module>
  File "<frozen 
importlib._bootstrap>", 
line 241 in 
_call_with_frames_removed
  File "<frozen importlib.
_bootstrap_external>", 
line 883 in exec_module
  File "<frozen 
importlib._bootstrap>", 
line 688 in _load_unlocked
  File "<frozen 
importlib._bootstrap>", 
line 1006 in 
_find_and_load_unlocked
  File "<frozen 
importlib._bootstrap>", 
line 1027 in 
_find_and_load
  File "C:\Users\Rahul Red
dy\AppData\Local\Programs\
Python\Python310\lib\site-
packages\torch_geometric\t
yping.py", line 68 in 
<module>
  File "<frozen 
importlib._bootstrap>", 
line 241 in 
_call_with_frames_removed
  File "<frozen importlib.
_bootstrap_external>", 
line 883 in exec_module
  File "<frozen 
importlib._bootstrap>", 
line 688 in _load_unlocked
  File "<frozen 
importlib._bootstrap>", 
line 1006 in 
_find_and_load_unlocked
  File "<frozen 
importlib._bootstrap>", 
line 1027 in 
_find_and_load
  File "C:\Users\Rahul Red
dy\AppData\Local\Programs\
Python\Python310\lib\site-
packages\torch_geometric\_
compile.py", line 6 in 
<module>
  File "<frozen 
importlib._bootstrap>", 
line 241 in 
_call_with_frames_removed
  File "<frozen importlib.
_bootstrap_external>", 
line 883 in exec_module
  File "<frozen 
importlib._bootstrap>", 
line 688 in _load_unlocked
  File "<frozen 
importlib._bootstrap>", 
line 1006 in 
_find_and_load_unlocked
  File "<frozen 
importlib._bootstrap>", 
line 1027 in 
_find_and_load
  File "C:\Users\Rahul Red
dy\AppData\Local\Programs\
Python\Python310\lib\site-
packages\torch_geometric\_
_init__.py", line 1 in 
<module>
  File "<frozen 
importlib._bootstrap>", 
line 241 in 
_call_with_frames_removed
  File "<frozen importlib.
_bootstrap_external>", 
line 883 in exec_module
  File "<frozen 
importlib._bootstrap>", 
line 688 in _load_unlocked
  File "<frozen 
importlib._bootstrap>", 
line 1006 in 
_find_and_load_unlocked
  File "<frozen 
importlib._bootstrap>", 
line 1027 in 
_find_and_load
  File "<frozen 
importlib._bootstrap>", 
line 241 in 
_call_with_frames_removed
  File "<frozen 
importlib._bootstrap>", 
line 992 in 
_find_and_load_unlocked
  File "<frozen 
importlib._bootstrap>", 
line 1027 in 
_find_and_load
  File "C:\Users\Rahul Red
dy\Downloads\arabic-dialec
t-gnn\tests\test_model.py"
, line 28 in <module>
  File "C:\Users\Rahul Red
dy\AppData\Local\Programs\
Python\Python310\lib\site-
packages\_pytest\assertion
\rewrite.py", line 197 in 
exec_module
  File "<frozen 
importlib._bootstrap>", 
line 688 in _load_unlocked
  File "<frozen 
importlib._bootstrap>", 
line 1006 in 
_find_and_load_unlocked
  File "<frozen 
importlib._bootstrap>", 
line 1027 in 
_find_and_load
  File "<frozen 
importlib._bootstrap>", 
line 1050 in _gcd_import
  File "C:\Users\Rahul Red
dy\AppData\Local\Programs\
Python\Python310\lib\impor
tlib\__init__.py", line 
126 in import_module
  File "C:\Users\Rahul Red
dy\AppData\Local\Programs\
Python\Python310\lib\site-
packages\_pytest\pathlib.p
y", line 587 in 
import_path
  File "C:\Users\Rahul Red
dy\AppData\Local\Programs\
Python\Python310\lib\site-
packages\_pytest\python.py
", line 507 in 
importtestmodule
  File "C:\Users\Rahul Red
dy\AppData\Local\Programs\
Python\Python310\lib\site-
packages\_pytest\python.py
", line 560 in _getobj
  File "C:\Users\Rahul Red
dy\AppData\Local\Programs\
Python\Python310\lib\site-
packages\_pytest\python.py
", line 289 in obj
  File "C:\Users\Rahul Red
dy\AppData\Local\Programs\
Python\Python310\lib\site-
packages\_pytest\python.py
", line 576 in _register_s
etup_module_fixture
  File "C:\Users\Rahul Red
dy\AppData\Local\Programs\
Python\Python310\lib\site-
packages\_pytest\python.py
", line 563 in collect
  File "C:\Users\Rahul Red
dy\AppData\Local\Programs\
Python\Python310\lib\site-
packages\_pytest\runner.py
", line 398 in collect
  File "C:\Users\Rahul Red
dy\AppData\Local\Programs\
Python\Python310\lib\site-
packages\_pytest\runner.py
", line 353 in from_call
  File "C:\Users\Rahul Red
dy\AppData\Local\Programs\
Python\Python310\lib\site-
packages\_pytest\runner.py
", line 400 in 
pytest_make_collect_report
  File "C:\Users\Rahul Red
dy\AppData\Local\Programs\
Python\Python310\lib\site-
packages\pluggy\_callers.p
y", line 121 in _multicall
  File "C:\Users\Rahul Red
dy\AppData\Local\Programs\
Python\Python310\lib\site-
packages\pluggy\_manager.p
y", line 120 in _hookexec
  File "C:\Users\Rahul Red
dy\AppData\Local\Programs\
Python\Python310\lib\site-
packages\pluggy\_hooks.py"
, line 512 in __call__
  File "C:\Users\Rahul Red
dy\AppData\Local\Programs\
Python\Python310\lib\site-
packages\_pytest\runner.py
", line 576 in 
collect_one_node
  File "C:\Users\Rahul Red
dy\AppData\Local\Programs\
Python\Python310\lib\site-
packages\_pytest\main.py",
 line 883 in 
_collect_one_node
  File "C:\Users\Rahul Red
dy\AppData\Local\Programs\
Python\Python310\lib\site-
packages\_pytest\main.py",
 line 1020 in genitems
  File "C:\Users\Rahul Red
dy\AppData\Local\Programs\
Python\Python310\lib\site-
packages\_pytest\main.py",
 line 1023 in genitems
  File "C:\Users\Rahul Red
dy\AppData\Local\Programs\
Python\Python310\lib\site-
packages\_pytest\main.py",
 line 857 in 
perform_collect
  File "C:\Users\Rahul Red
dy\AppData\Local\Programs\
Python\Python310\lib\site-
packages\_pytest\main.py",
 line 382 in 
pytest_collection
  File "C:\Users\Rahul Red
dy\AppData\Local\Programs\
Python\Python310\lib\site-
packages\pluggy\_callers.p
y", line 121 in _multicall
  File "C:\Users\Rahul Red
dy\AppData\Local\Programs\
Python\Python310\lib\site-
packages\pluggy\_manager.p
y", line 120 in _hookexec
  File "C:\Users\Rahul Red
dy\AppData\Local\Programs\
Python\Python310\lib\site-
packages\pluggy\_hooks.py"
, line 512 in __call__
  File "C:\Users\Rahul Red
dy\AppData\Local\Programs\
Python\Python310\lib\site-
packages\_pytest\main.py",
 line 371 in _main
  File "C:\Users\Rahul Red
dy\AppData\Local\Programs\
Python\Python310\lib\site-
packages\_pytest\main.py",
 line 318 in wrap_session
  File "C:\Users\Rahul Red
dy\AppData\Local\Programs\
Python\Python310\lib\site-
packages\_pytest\main.py",
 line 365 in 
pytest_cmdline_main
  File "C:\Users\Rahul Red
dy\AppData\Local\Programs\
Python\Python310\lib\site-
packages\pluggy\_callers.p
y", line 121 in _multicall
  File "C:\Users\Rahul Red
dy\AppData\Local\Programs\
Python\Python310\lib\site-
packages\pluggy\_manager.p
y", line 120 in _hookexec
  File "C:\Users\Rahul Red
dy\AppData\Local\Programs\
Python\Python310\lib\site-
packages\pluggy\_hooks.py"
, line 512 in __call__
  File "C:\Users\Rahul Red
dy\AppData\Local\Programs\
Python\Python310\lib\site-
packages\_pytest\config\__
init__.py", line 199 in 
main
  File "C:\Users\Rahul Red
dy\AppData\Local\Programs\
Python\Python310\lib\site-
packages\_pytest\config\__
init__.py", line 223 in 
console_main
  File "C:\Users\Rahul Red
dy\AppData\Local\Programs\
Python\Python310\lib\site-
packages\pytest\__main__.p
y", line 9 in <module>
  File "C:\Users\Rahul Red
dy\AppData\Local\Programs\
Python\Python310\lib\runpy
.py", line 86 in _run_code
  File "C:\Users\Rahul Red
dy\AppData\Local\Programs\
Python\Python310\lib\runpy
.py", line 196 in 
_run_module_as_main
collecting ... collected 45 items / 1 error

=================================== ERRORS ====================================
___________________ ERROR collecting tests/test_metrics.py ____________________
ImportError while importing test module 'C:\Users\Rahul Reddy\Downloads\arabic-dialect-gnn\tests\test_metrics.py'.
Hint: make sure your test modules/packages have valid Python names.
Traceback:
..\..\AppData\Local\Programs\Python\Python310\lib\importlib\__init__.py:126: in import_module
    return _bootstrap._gcd_import(name[level:], package, level)
tests\test_metrics.py:23: in <module>
    from evaluation.metrics import (
E   ModuleNotFoundError: No module named 'evaluation.metrics'
=========================== short test summary info ===========================
ERROR tests/test_metrics.py
!!!!!!!!!!!!!!!!!!! Interrupted: 1 error during collection !!!!!!!!!!!!!!!!!!!!
============================== 1 error in 23.02s ==============================
